// license:BSD-3-Clause
// copyright-holders:Aaron Giles
/******************************************************************************

    mess.lst

    List of all enabled drivers in the system. This file is parsed by
    makelist.exe, sorted, and output as C code describing the drivers.

******************************************************************************/

// 3DO
3do    // 3DO consoles
3do_pal
3do_m2

// Atari
a2600    // Atari 2600
a2600p  // Atari 2600 PAL
a5200    // Atari 5200
a7800    // Atari 7800 NTSC
a7800p  // Atari 7800 PAL
lynx      // Atari Lynx Handheld
//lynx2  // Atari Lynx II Handheld redesigned, no additions
jaguar  // Atari Jaguar
jaguarcd  // Atari Jaguar CD

//BancTec
banctec // BancTec ESeries panel

// Nintendo
nes       // Nintendo Entertainment System
nespal    // Nintendo Entertainment System PAL
m82       // Nintendo M82 Display Unit
famicom   // Nintendo Family Computer (a.k.a. Famicom)
fds       // Nintendo Family Computer (a.k.a. Famicom) + Disk System add-on
famitwin  // Sharp Famicom Twin System
drpcjr    // Bung Doctor PC Jr
dendy     // Dendy (Classic russian famiclone)
gchinatv  // Golden China TV Game Centre (Chinese famiclone)
gameboy   // Nintendo Game Boy Handheld
supergb   // Nintendo Super Game Boy SNES Cartridge
supergb2
gbpocket  // Nintendo Game Boy Pocket Handheld
gbcolor   // Nintendo Game Boy Color Handheld
gba       // Nintendo Game Boy Advance Handheld
snes      // Nintendo Super Nintendo NTSC
snespal   // Nintendo Super Nintendo PAL
n64       // Nintendo N64
n64dd     // Nintendo N64 (64DD Attachment)
pokemini  // Nintendo Pokemon Mini

megaduck  // Megaduck

// SEGA
sg1000  // Sega SG-1000 (Japan)
sg1000m2  // Sega SG-1000 Mark II (Japan)
sc3000  // Sega SC-3000 (Japan)
sc3000h   // Sega SC-3000H (Japan)
sf7000  // Sega SC-3000 w/ SF-7000 (Japan)
omv1000   // Tsukuda Original Othello Multivision FG-1000
omv2000   // Tsukuda Original Othello Multivision FG-2000

gamegear  // Sega GameGear
gamegeaj  // Sega GameGear (Japan)
sms    // Sega Master System II (NTSC)
sms1      // Sega Master System I (NTSC)
sms1pal   // Sega Master System I (PAL)
smspal  // Sega Master System II (PAL)
smsj      // Sega Master System (Japan) with FM Chip
sg1000m3  // Sega SG-1000 Mark III (Japan)
sms1krfm  // Samsung Gam*Boy I (Korea) with FM Chip
sms1kr  // Samsung Gam*Boy I (Korea)
smskr  // Samsung Gam*Boy II (Korea)
smssdisp  // Sega Master System Store Display Unit

megadrij  // 1988 Sega Mega Drive (Japan)
genesis   // 1989 Sega Genesis (USA)
megadriv  // 1990 Sega Mega Drive (Europe)
genesis_tmss //
pico      // 1994 Sega Pico (Europe)
picou    // 1994 Sega Pico (USA)
picoj    // 1993 Sega Pico (Japan)
copera  // 1993 Sega / Yamaha
sawatte //
segacd  // 1992 Sega Sega CD (USA)
megacd  // 1993 Sega Mega-CD (Europe)
megacda // 1993 Sega Mega-CD (Asia)
megacdj   // 1991 Sega Mega-CD (Japan)
segacd2   // 1993 Sega Sega CD 2 (USA)
megacd2   // 1993 Sega Mega-CD 2 (Europe)
megacd2j  // 1993 Sega Mega-CD 2 (Japan)
laseract  // 1993 Pioneer LaserActive (USA)
laseractj // 1993 Pioneer LaserActive (Japan)
xeye      // 1993 JVC X'eye (USA)
wmega    // 1992 Sega Wondermega (Japan)
wmegam2 // 1993 Victor Wondermega M2 (Japan)
aiwamcd // 1994 AIWA Mega-CD CSD-G1M (Japan)
cdx    // 1994 Sega CDX (USA)
multmega  // 1994 Sega Multi-Mega (Europe)
32x    // 1994 Sega 32X (USA)
32xe
32xj
32x_scd   // 1994 Sega Sega CD (USA w/32X addon)
32x_mcd   // 1995 Sega Mega-CD (Europe w/32X addon)
32x_mcdj   // 1994 Sega Mega-CD (Japan w/32X addon)
segapm    // 1996 Sega Picture Magic (32x type hardware)

saturnjp  // 1994 Sega Saturn (Japan)
saturn  // 1995 Sega Saturn (USA)
saturneu  // 1995 Sega Saturn (Europe)
vsaturn   // JVC V-Saturn
hisaturn  // Hitachi HiSaturn

dcjp      // 1998 Sega Dreamcast (Japan)
dc  // 1999 Sega Dreamcast (USA)
dceu      // 1999 Sega Dreamcast (Europe)
dcdev    // 1998 Sega HKT-0120 Sega Dreamcast Development Box

svmu     // 1998 Sega Visual Memory Unit

// Sequential Circuits
prpht600	// 1983 Sequential Circuits

// Sony
psj    // 1994 Sony PlayStation (Japan)
psu    // 1995 Sony PlayStation (USA)
pse    // 1995 Sony PlayStation (Europe)
psa    // 1995 Sony PlayStation (Asia-Pacific)
pockstat  // 1999 Sony PocketStation
pve500 // SONY PVE-500

// Bally
astrocde    // Bally Professional Arcade / Astrocade
astrocdl    // Bally Home Library Computer
astrocdw    // Bally Computer System (white case)

// NEC
pce    // PC/Engine NEC 1987-1993
tg16      // Turbo Grafix-16  NEC 1989-1993
sgx    // SuperGrafX NEC 1989
pcfx      // PC-FX NEC 1994
pcfxga  // PC-FX NEC 199? (PC-FX on a PC ISA Card)
